#
# There is insufficient memory for the Java Runtime Environment to continue.
# Native memory allocation (malloc) failed to allocate 1610944 bytes. Error detail: Chunk::new
# Possible reasons:
#   The system is out of physical RAM or swap space
#   This process is running with CompressedOops enabled, and the Java Heap may be blocking the growth of the native heap
# Possible solutions:
#   Reduce memory load on the system
#   Increase physical memory or swap space
#   Check if swap backing store is full
#   Decrease Java heap size (-Xmx/-Xms)
#   Decrease number of Java threads
#   Decrease Java thread stack sizes (-Xss)
#   Set larger code cache with -XX:ReservedCodeCacheSize=
#   JVM is running with Unscaled Compressed Oops mode in which the Java heap is
#     placed in the first 4GB address space. The Java Heap base address is the
#     maximum limit for the native heap growth. Please use -XX:HeapBaseMinAddress
#     to set the Java Heap base and to place the Java Heap above 4GB virtual address.
# This output file may be truncated or incomplete.
#
#  Out of Memory Error (arena.cpp:168), pid=21428, tid=26764
#
# JRE version: OpenJDK Runtime Environment Temurin-21.0.10+7 (21.0.10+7) (build 21.0.10+7-LTS)
# Java VM: OpenJDK 64-Bit Server VM Temurin-21.0.10+7 (21.0.10+7-LTS, mixed mode, sharing, tiered, compressed oops, compressed class ptrs, parallel gc, windows-amd64)
# No core dump will be written. Minidumps are not enabled by default on client versions of Windows
#

---------------  S U M M A R Y ------------

Command Line: --add-modules=ALL-SYSTEM --add-opens=java.base/java.util=ALL-UNNAMED --add-opens=java.base/java.lang=ALL-UNNAMED --add-opens=java.base/sun.nio.fs=ALL-UNNAMED -Declipse.application=org.eclipse.jdt.ls.core.id1 -Dosgi.bundles.defaultStartLevel=4 -Declipse.product=org.eclipse.jdt.ls.core.product -Djava.import.generatesMetadataFilesAtProjectRoot=false -DDetectVMInstallationsJob.disabled=true -Dfile.encoding=utf8 -XX:+UseParallelGC -XX:GCTimeRatio=4 -XX:AdaptiveSizePolicyWeight=90 -Dsun.zip.disableMemoryMapping=true -Xmx2G -Xms100m -Xlog:disable -javaagent:c:\Users\kakal\.vscode\extensions\redhat.java-1.54.0-win32-x64\lombok\lombok-1.18.39-4050.jar -XX:+HeapDumpOnOutOfMemoryError -XX:HeapDumpPath=c:\Users\kakal\AppData\Roaming\Code\User\workspaceStorage\7b27965c9b8025f4916b76e823d7fbd5\redhat.java -Daether.dependencyCollector.impl=bf c:\Users\kakal\.vscode\extensions\redhat.java-1.54.0-win32-x64\server\plugins\org.eclipse.equinox.launcher_1.7.100.v20251111-0406.jar -configuration c:\Users\kakal\AppData\Roaming\Code\User\globalStorage\redhat.java\1.54.0\config_win -data c:\Users\kakal\AppData\Roaming\Code\User\workspaceStorage\7b27965c9b8025f4916b76e823d7fbd5\redhat.java\jdt_ws --pipe=\\.\pipe\lsp-3f54656b07be3ad697cb11e3ed777de7-sock

Host: AMD Ryzen 5 5600X 6-Core Processor             , 12 cores, 15G,  Windows 11 , 64 bit Build 26100 (10.0.26100.8328)
Time: Fri May 15 21:07:26 2026 Hora oficial do Brasil elapsed time: 15.034116 seconds (0d 0h 0m 15s)

---------------  T H R E A D  ---------------

Current thread (0x000001cb54a794f0):  JavaThread "C2 CompilerThread2" daemon [_thread_in_native, id=26764, stack(0x000000b66a300000,0x000000b66a400000) (1024K)]


Current CompileTask:
C2:15034 4399       4       org.eclipse.osgi.internal.loader.BundleLoader::addExportedProvidersFor (167 bytes)

Stack: [0x000000b66a300000,0x000000b66a400000]
Native frames: (J=compiled Java code, j=interpreted, Vv=VM code, C=native code)
V  [jvm.dll+0x6d7a39]
V  [jvm.dll+0x8b4b26]
V  [jvm.dll+0x8b70de]
V  [jvm.dll+0x8b77c3]
V  [jvm.dll+0x284346]
V  [jvm.dll+0xc66ed]
V  [jvm.dll+0xc6c31]
V  [jvm.dll+0x3bec3b]
V  [jvm.dll+0x1e3f69]
V  [jvm.dll+0x24c6b3]
V  [jvm.dll+0x24bb40]
V  [jvm.dll+0x1cb34e]
V  [jvm.dll+0x25b85d]
V  [jvm.dll+0x259dea]
V  [jvm.dll+0x3f857e]
V  [jvm.dll+0x85f59d]
V  [jvm.dll+0x6d626d]
C  [ucrtbase.dll+0x37b0]
C  [KERNEL32.DLL+0x2e957]
C  [ntdll.dll+0x427c]


---------------  P R O C E S S  ---------------

Threads class SMR info:
_java_thread_list=0x000001cb542e3570, length=42, elements={
0x000001cb7515d160, 0x000001cb7510e2c0, 0x000001cb75202e80, 0x000001cb75209c50,
0x000001cb7520cb70, 0x000001cb7520e390, 0x000001cb75211cf0, 0x000001cb7521b1e0,
0x000001cb7521bc80, 0x000001cb7e074580, 0x000001cb7eebb600, 0x000001cb540fd870,
0x000001cb540578a0, 0x000001cb540dbda0, 0x000001cb7df90f90, 0x000001cb546980d0,
0x000001cb54595360, 0x000001cb7f5013c0, 0x000001cb7f2cdf60, 0x000001cb7f46cdf0,
0x000001cb7f46e1a0, 0x000001cb7f46c760, 0x000001cb7f46db10, 0x000001cb54a794f0,
0x000001cb7f46e830, 0x000001cb7f46eec0, 0x000001cb7f46c0d0, 0x000001cb7f46f550,
0x000001cb55b26830, 0x000001cb55b240d0, 0x000001cb55b27550, 0x000001cb55b24df0,
0x000001cb55b27be0, 0x000001cb55b25480, 0x000001cb55b25b10, 0x000001cb55b261a0,
0x000001cb55b26ec0, 0x000001cb55b24760, 0x000001cb55b29620, 0x000001cb55b2b6f0,
0x000001cb55b29cb0, 0x000001cb55b28f90
}

Java Threads: ( => current thread )
  0x000001cb7515d160 JavaThread "main"                              [_thread_blocked, id=26824, stack(0x000000b668000000,0x000000b668100000) (1024K)]
  0x000001cb7510e2c0 JavaThread "Reference Handler"          daemon [_thread_blocked, id=27856, stack(0x000000b668400000,0x000000b668500000) (1024K)]
  0x000001cb75202e80 JavaThread "Finalizer"                  daemon [_thread_blocked, id=8072, stack(0x000000b668500000,0x000000b668600000) (1024K)]
  0x000001cb75209c50 JavaThread "Signal Dispatcher"          daemon [_thread_blocked, id=11404, stack(0x000000b668600000,0x000000b668700000) (1024K)]
  0x000001cb7520cb70 JavaThread "Attach Listener"            daemon [_thread_blocked, id=4928, stack(0x000000b668700000,0x000000b668800000) (1024K)]
  0x000001cb7520e390 JavaThread "Service Thread"             daemon [_thread_blocked, id=12280, stack(0x000000b668800000,0x000000b668900000) (1024K)]
  0x000001cb75211cf0 JavaThread "Monitor Deflation Thread"   daemon [_thread_blocked, id=28172, stack(0x000000b668900000,0x000000b668a00000) (1024K)]
  0x000001cb7521b1e0 JavaThread "C2 CompilerThread0"         daemon [_thread_in_native, id=27860, stack(0x000000b668a00000,0x000000b668b00000) (1024K)]
  0x000001cb7521bc80 JavaThread "C1 CompilerThread0"         daemon [_thread_blocked, id=5868, stack(0x000000b668b00000,0x000000b668c00000) (1024K)]
  0x000001cb7e074580 JavaThread "Common-Cleaner"             daemon [_thread_blocked, id=12124, stack(0x000000b668c00000,0x000000b668d00000) (1024K)]
  0x000001cb7eebb600 JavaThread "Notification Thread"        daemon [_thread_blocked, id=22392, stack(0x000000b668e00000,0x000000b668f00000) (1024K)]
  0x000001cb540fd870 JavaThread "Active Thread: Equinox Container: fb1601b0-6e81-491e-9edc-2746d7702943"        [_thread_blocked, id=20936, stack(0x000000b669600000,0x000000b669700000) (1024K)]
  0x000001cb540578a0 JavaThread "Refresh Thread: Equinox Container: fb1601b0-6e81-491e-9edc-2746d7702943" daemon [_thread_blocked, id=26832, stack(0x000000b668f00000,0x000000b669000000) (1024K)]
  0x000001cb540dbda0 JavaThread "Framework Event Dispatcher: Equinox Container: fb1601b0-6e81-491e-9edc-2746d7702943" daemon [_thread_blocked, id=25372, stack(0x000000b669700000,0x000000b669800000) (1024K)]
  0x000001cb7df90f90 JavaThread "Start Level: Equinox Container: fb1601b0-6e81-491e-9edc-2746d7702943" daemon [_thread_blocked, id=14324, stack(0x000000b669800000,0x000000b669900000) (1024K)]
  0x000001cb546980d0 JavaThread "Bundle File Closer"         daemon [_thread_blocked, id=28568, stack(0x000000b669c00000,0x000000b669d00000) (1024K)]
  0x000001cb54595360 JavaThread "SCR Component Actor"        daemon [_thread_blocked, id=24524, stack(0x000000b669900000,0x000000b669a00000) (1024K)]
  0x000001cb7f5013c0 JavaThread "C2 CompilerThread1"         daemon [_thread_blocked, id=18472, stack(0x000000b669d00000,0x000000b669e00000) (1024K)]
  0x000001cb7f2cdf60 JavaThread "Worker-JM"                         [_thread_blocked, id=16088, stack(0x000000b669f00000,0x000000b66a000000) (1024K)]
  0x000001cb7f46cdf0 JavaThread "JNA Cleaner"                daemon [_thread_blocked, id=3464, stack(0x000000b66a000000,0x000000b66a100000) (1024K)]
  0x000001cb7f46e1a0 JavaThread "Worker-0: Initialize After Load"        [_thread_in_native, id=22372, stack(0x000000b66a100000,0x000000b66a200000) (1024K)]
  0x000001cb7f46c760 JavaThread "Worker-1"                          [_thread_blocked, id=26224, stack(0x000000b66a200000,0x000000b66a300000) (1024K)]
  0x000001cb7f46db10 JavaThread "Java indexing"              daemon [_thread_blocked, id=23288, stack(0x000000b669e00000,0x000000b669f00000) (1024K)]
=>0x000001cb54a794f0 JavaThread "C2 CompilerThread2"         daemon [_thread_in_native, id=26764, stack(0x000000b66a300000,0x000000b66a400000) (1024K)]
  0x000001cb7f46e830 JavaThread "Worker-2"                          [_thread_blocked, id=18532, stack(0x000000b66a600000,0x000000b66a700000) (1024K)]
  0x000001cb7f46eec0 JavaThread "Worker-3"                          [_thread_blocked, id=24244, stack(0x000000b66a700000,0x000000b66a800000) (1024K)]
  0x000001cb7f46c0d0 JavaThread "Thread-1"                   daemon [_thread_in_native, id=28648, stack(0x000000b66a800000,0x000000b66a900000) (1024K)]
  0x000001cb7f46f550 JavaThread "Thread-2"                   daemon [_thread_in_native, id=19688, stack(0x000000b66a900000,0x000000b66aa00000) (1024K)]
  0x000001cb55b26830 JavaThread "Thread-3"                   daemon [_thread_in_native, id=21472, stack(0x000000b66aa00000,0x000000b66ab00000) (1024K)]
  0x000001cb55b240d0 JavaThread "Thread-4"                   daemon [_thread_in_native, id=28456, stack(0x000000b66ab00000,0x000000b66ac00000) (1024K)]
  0x000001cb55b27550 JavaThread "Thread-5"                   daemon [_thread_in_native, id=27576, stack(0x000000b66ac00000,0x000000b66ad00000) (1024K)]
  0x000001cb55b24df0 JavaThread "Thread-6"                   daemon [_thread_in_native, id=9200, stack(0x000000b66ad00000,0x000000b66ae00000) (1024K)]
  0x000001cb55b27be0 JavaThread "Thread-7"                   daemon [_thread_in_native, id=27664, stack(0x000000b66ae00000,0x000000b66af00000) (1024K)]
  0x000001cb55b25480 JavaThread "Thread-8"                   daemon [_thread_in_native, id=28580, stack(0x000000b66af00000,0x000000b66b000000) (1024K)]
  0x000001cb55b25b10 JavaThread "Thread-9"                   daemon [_thread_in_native, id=14796, stack(0x000000b66b000000,0x000000b66b100000) (1024K)]
  0x000001cb55b261a0 JavaThread "Thread-10"                  daemon [_thread_in_native, id=17804, stack(0x000000b66b100000,0x000000b66b200000) (1024K)]
  0x000001cb55b26ec0 JavaThread "Thread-11"                  daemon [_thread_in_native, id=24936, stack(0x000000b66b200000,0x000000b66b300000) (1024K)]
  0x000001cb55b24760 JavaThread "Thread-12"                  daemon [_thread_in_native, id=27612, stack(0x000000b66b300000,0x000000b66b400000) (1024K)]
  0x000001cb55b29620 JavaThread "Thread-13"                  daemon [_thread_in_native, id=24004, stack(0x000000b66b400000,0x000000b66b500000) (1024K)]
  0x000001cb55b2b6f0 JavaThread "pool-2-thread-1"                   [_thread_blocked, id=25420, stack(0x000000b66b500000,0x000000b66b600000) (1024K)]
  0x000001cb55b29cb0 JavaThread "WorkspaceEventsHandler"            [_thread_blocked, id=28276, stack(0x000000b66b600000,0x000000b66b700000) (1024K)]
  0x000001cb55b28f90 JavaThread "pool-1-thread-1"                   [_thread_blocked, id=19936, stack(0x000000b66b700000,0x000000b66b800000) (1024K)]
Total: 42

Other Threads:
  0x000001cb75200940 VMThread "VM Thread"                           [id=28088, stack(0x000000b668300000,0x000000b668400000) (1024K)]
  0x000001cb74feca00 WatcherThread "VM Periodic Task Thread"        [id=11128, stack(0x000000b668200000,0x000000b668300000) (1024K)]
  0x000001cb7517ec90 WorkerThread "GC Thread#0"                     [id=24844, stack(0x000000b668100000,0x000000b668200000) (1024K)]
  0x000001cb7f361cb0 WorkerThread "GC Thread#1"                     [id=1904, stack(0x000000b669000000,0x000000b669100000) (1024K)]
  0x000001cb7f362060 WorkerThread "GC Thread#2"                     [id=23856, stack(0x000000b669100000,0x000000b669200000) (1024K)]
  0x000001cb7f0ffad0 WorkerThread "GC Thread#3"                     [id=26964, stack(0x000000b669200000,0x000000b669300000) (1024K)]
  0x000001cb7f0ffe80 WorkerThread "GC Thread#4"                     [id=20940, stack(0x000000b669300000,0x000000b669400000) (1024K)]
  0x000001cb7f100230 WorkerThread "GC Thread#5"                     [id=25276, stack(0x000000b669400000,0x000000b669500000) (1024K)]
  0x000001cb7f254830 WorkerThread "GC Thread#6"                     [id=20240, stack(0x000000b669500000,0x000000b669600000) (1024K)]
  0x000001cb7deb82a0 WorkerThread "GC Thread#7"                     [id=8668, stack(0x000000b668d00000,0x000000b668e00000) (1024K)]
  0x000001cb7f60d8c0 WorkerThread "GC Thread#8"                     [id=16668, stack(0x000000b669a00000,0x000000b669b00000) (1024K)]
  0x000001cb5475e040 WorkerThread "GC Thread#9"                     [id=24068, stack(0x000000b669b00000,0x000000b669c00000) (1024K)]
Total: 12

Threads with active compile tasks:
C2 CompilerThread0  15072 4469   !   4       org.eclipse.osgi.internal.loader.classpath.ClasspathManager::findClassImpl (328 bytes)
C2 CompilerThread2  15072 4399       4       org.eclipse.osgi.internal.loader.BundleLoader::addExportedProvidersFor (167 bytes)
Total: 2

VM state: not at safepoint (normal execution)

VM Mutex/Monitor currently owned by a thread: None

Heap address: 0x0000000080000000, size: 2048 MB, Compressed Oops mode: 32-bit

CDS archive(s) mapped at: [0x000001cb0f000000-0x000001cb0fba0000-0x000001cb0fba0000), size 12189696, SharedBaseAddress: 0x000001cb0f000000, ArchiveRelocationMode: 1.
Compressed class space mapped at: 0x000001cb10000000-0x000001cb50000000, reserved size: 1073741824
Narrow klass base: 0x000001cb0f000000, Narrow klass shift: 0, Narrow klass range: 0x100000000

GC Precious Log:
 CardTable entry size: 512
 CPUs: 12 total, 12 available
 Memory: 16272M
 Large Page Support: Disabled
 NUMA Support: Disabled
 Compressed Oops: Enabled (32-bit)
 Alignments: Space 512K, Generation 512K, Heap 2M
 Heap Min Capacity: 100M
 Heap Initial Capacity: 100M
 Heap Max Capacity: 2G
 Pre-touch: Disabled
 Parallel Workers: 10

Heap:
 PSYoungGen      total 26112K, used 8971K [0x00000000d5580000, 0x00000000d7200000, 0x0000000100000000)
  eden space 22016K, 40% used [0x00000000d5580000,0x00000000d5e42d60,0x00000000d6b00000)
  from space 4096K, 0% used [0x00000000d6b00000,0x00000000d6b00000,0x00000000d6f00000)
  to   space 2048K, 0% used [0x00000000d7000000,0x00000000d7000000,0x00000000d7200000)
 ParOldGen       total 68608K, used 20107K [0x0000000080000000, 0x0000000084300000, 0x00000000d5580000)
  object space 68608K, 29% used [0x0000000080000000,0x00000000813a2d18,0x0000000084300000)
 Metaspace       used 35663K, committed 36800K, reserved 1114112K
  class space    used 3671K, committed 4160K, reserved 1048576K

Card table byte_map: [0x000001cb74b00000,0x000001cb74f10000] _byte_map_base: 0x000001cb74700000

Marking Bits: (ParMarkBitMap*) 0x00007ffacca33450
 Begin Bits: [0x000001cb78610000, 0x000001cb7a610000)
 End Bits:   [0x000001cb7a610000, 0x000001cb7c610000)

Polling page: 0x000001cb72f80000

Metaspace:

Usage:
  Non-class:     31.24 MB used.
      Class:      3.59 MB used.
       Both:     34.83 MB used.

Virtual space:
  Non-class space:       64.00 MB reserved,      31.88 MB ( 50%) committed,  1 nodes.
      Class space:        1.00 GB reserved,       4.06 MB ( <1%) committed,  1 nodes.
             Both:        1.06 GB reserved,      35.94 MB (  3%) committed. 

Chunk freelists:
   Non-Class:  15.84 MB
       Class:  11.76 MB
        Both:  27.60 MB

MaxMetaspaceSize: unlimited
CompressedClassSpaceSize: 1.00 GB
Initial GC threshold: 21.00 MB
Current GC threshold: 58.38 MB
CDS: on
 - commit_granule_bytes: 65536.
 - commit_granule_words: 8192.
 - virtual_space_node_default_size: 8388608.
 - enlarge_chunks_in_place: 1.
 - use_allocation_guard: 0.


Internal statistics:

num_allocs_failed_limit: 6.
num_arena_births: 894.
num_arena_deaths: 14.
num_vsnodes_births: 2.
num_vsnodes_deaths: 0.
num_space_committed: 575.
num_space_uncommitted: 0.
num_chunks_returned_to_freelist: 20.
num_chunks_taken_from_freelist: 2467.
num_chunk_merges: 12.
num_chunk_splits: 1541.
num_chunks_enlarged: 887.
num_inconsistent_stats: 0.

CodeHeap 'non-profiled nmethods': size=120000Kb used=1945Kb max_used=2198Kb free=118054Kb
 bounds [0x000001cb07ad0000, 0x000001cb07d40000, 0x000001cb0f000000]
CodeHeap 'profiled nmethods': size=120000Kb used=8604Kb max_used=9797Kb free=111395Kb
 bounds [0x000001cb00000000, 0x000001cb009a0000, 0x000001cb07530000]
CodeHeap 'non-nmethods': size=5760Kb used=1358Kb max_used=1417Kb free=4401Kb
 bounds [0x000001cb07530000, 0x000001cb077a0000, 0x000001cb07ad0000]
CodeCache: size=245760Kb, used=11907Kb, max_used=13412Kb, free=233850Kb
 total_blobs=4967, nmethods=4313, adapters=560, full_count=0
Compilation: enabled, stopped_count=0, restarted_count=0

Compilation events (20 events):
Event: 14.997 Thread 0x000001cb7521bc80 nmethod 4885 0x000001cb00202990 code [0x000001cb00202b20, 0x000001cb00202cd0]
Event: 15.001 Thread 0x000001cb7521bc80 4886       3       jdk.internal.util.ArraysSupport::mismatch (72 bytes)
Event: 15.002 Thread 0x000001cb7521bc80 nmethod 4886 0x000001cb00263890 code [0x000001cb00263a80, 0x000001cb00263e70]
Event: 15.004 Thread 0x000001cb7521bc80 4888       3       org.eclipse.jdt.internal.core.index.FileIndexLocation::hashCode (8 bytes)
Event: 15.005 Thread 0x000001cb7521bc80 nmethod 4888 0x000001cb0028c310 code [0x000001cb0028c4e0, 0x000001cb0028c768]
Event: 15.008 Thread 0x000001cb7521bc80 4889       3       java.util.Arrays::equals (43 bytes)
Event: 15.008 Thread 0x000001cb7521bc80 nmethod 4889 0x000001cb0073aa90 code [0x000001cb0073ac60, 0x000001cb0073af28]
Event: 15.014 Thread 0x000001cb7f5013c0 nmethod 4882 0x000001cb07b30f90 code [0x000001cb07b311c0, 0x000001cb07b32358]
Event: 15.014 Thread 0x000001cb7f5013c0 4803       4       java.lang.Class::getPackageName (81 bytes)
Event: 15.015 Thread 0x000001cb7521bc80 4890       3       org.eclipse.jdt.internal.compiler.util.SimpleSetOfCharArray::get (84 bytes)
Event: 15.016 Thread 0x000001cb7521bc80 nmethod 4890 0x000001cb00140b10 code [0x000001cb00140d20, 0x000001cb001412e0]
Event: 15.024 Thread 0x000001cb7f5013c0 nmethod 4803 0x000001cb07bfe190 code [0x000001cb07bfe380, 0x000001cb07bfebc8]
Event: 15.025 Thread 0x000001cb7f5013c0 4756       4       java.util.HashMap::afterNodeRemoval (1 bytes)
Event: 15.025 Thread 0x000001cb7f5013c0 nmethod 4756 0x000001cb07b9fe10 code [0x000001cb07b9ffa0, 0x000001cb07ba0028]
Event: 15.025 Thread 0x000001cb7f5013c0 4709       4       jdk.internal.org.objectweb.asm.MethodWriter::visitEnd (1 bytes)
Event: 15.025 Thread 0x000001cb7f5013c0 nmethod 4709 0x000001cb07b9fb10 code [0x000001cb07b9fca0, 0x000001cb07b9fd28]
Event: 15.025 Thread 0x000001cb7f5013c0 4559       4       com.google.gson.stream.JsonReader::doPeek (785 bytes)
Event: 15.029 Thread 0x000001cb7f5013c0 nmethod 4559 0x000001cb07af7710 code [0x000001cb07af7900, 0x000001cb07af7d18]
Event: 15.031 Thread 0x000001cb7521bc80 4891       3       org.eclipse.jdt.internal.compiler.util.SimpleLookupTable::put (104 bytes)
Event: 15.031 Thread 0x000001cb7521bc80 nmethod 4891 0x000001cb00161090 code [0x000001cb001612c0, 0x000001cb00161bc8]

GC Heap History (20 events):
Event: 13.786 GC heap before
{Heap before GC invocations=6 (full 0):
 PSYoungGen      total 29184K, used 29169K [0x00000000d5580000, 0x00000000d7900000, 0x0000000100000000)
  eden space 25088K, 100% used [0x00000000d5580000,0x00000000d6e00000,0x00000000d6e00000)
  from space 4096K, 99% used [0x00000000d6e80000,0x00000000d727c680,0x00000000d7280000)
  to   space 5632K, 0% used [0x00000000d7380000,0x00000000d7380000,0x00000000d7900000)
 ParOldGen       total 68608K, used 7840K [0x0000000080000000, 0x0000000084300000, 0x00000000d5580000)
  object space 68608K, 11% used [0x0000000080000000,0x00000000807a83a8,0x0000000084300000)
 Metaspace       used 18634K, committed 19456K, reserved 1114112K
  class space    used 1962K, committed 2304K, reserved 1048576K
}
Event: 13.789 GC heap after
{Heap after GC invocations=6 (full 0):
 PSYoungGen      total 30208K, used 5145K [0x00000000d5580000, 0x00000000d7900000, 0x0000000100000000)
  eden space 24576K, 0% used [0x00000000d5580000,0x00000000d5580000,0x00000000d6d80000)
  from space 5632K, 91% used [0x00000000d7380000,0x00000000d7886768,0x00000000d7900000)
  to   space 5632K, 0% used [0x00000000d6e00000,0x00000000d6e00000,0x00000000d7380000)
 ParOldGen       total 68608K, used 7848K [0x0000000080000000, 0x0000000084300000, 0x00000000d5580000)
  object space 68608K, 11% used [0x0000000080000000,0x00000000807aa3a8,0x0000000084300000)
 Metaspace       used 18634K, committed 19456K, reserved 1114112K
  class space    used 1962K, committed 2304K, reserved 1048576K
}
Event: 13.953 GC heap before
{Heap before GC invocations=7 (full 0):
 PSYoungGen      total 30208K, used 24362K [0x00000000d5580000, 0x00000000d7900000, 0x0000000100000000)
  eden space 24576K, 78% used [0x00000000d5580000,0x00000000d68440a0,0x00000000d6d80000)
  from space 5632K, 91% used [0x00000000d7380000,0x00000000d7886768,0x00000000d7900000)
  to   space 5632K, 0% used [0x00000000d6e00000,0x00000000d6e00000,0x00000000d7380000)
 ParOldGen       total 68608K, used 7848K [0x0000000080000000, 0x0000000084300000, 0x00000000d5580000)
  object space 68608K, 11% used [0x0000000080000000,0x00000000807aa3a8,0x0000000084300000)
 Metaspace       used 20568K, committed 21504K, reserved 1114112K
  class space    used 2205K, committed 2624K, reserved 1048576K
}
Event: 13.956 GC heap after
{Heap after GC invocations=7 (full 0):
 PSYoungGen      total 29184K, used 4462K [0x00000000d5580000, 0x00000000d7780000, 0x0000000100000000)
  eden space 24576K, 0% used [0x00000000d5580000,0x00000000d5580000,0x00000000d6d80000)
  from space 4608K, 96% used [0x00000000d6e00000,0x00000000d725bbc8,0x00000000d7280000)
  to   space 5120K, 0% used [0x00000000d7280000,0x00000000d7280000,0x00000000d7780000)
 ParOldGen       total 68608K, used 9440K [0x0000000080000000, 0x0000000084300000, 0x00000000d5580000)
  object space 68608K, 13% used [0x0000000080000000,0x0000000080938390,0x0000000084300000)
 Metaspace       used 20568K, committed 21504K, reserved 1114112K
  class space    used 2205K, committed 2624K, reserved 1048576K
}
Event: 13.956 GC heap before
{Heap before GC invocations=8 (full 1):
 PSYoungGen      total 29184K, used 4462K [0x00000000d5580000, 0x00000000d7780000, 0x0000000100000000)
  eden space 24576K, 0% used [0x00000000d5580000,0x00000000d5580000,0x00000000d6d80000)
  from space 4608K, 96% used [0x00000000d6e00000,0x00000000d725bbc8,0x00000000d7280000)
  to   space 5120K, 0% used [0x00000000d7280000,0x00000000d7280000,0x00000000d7780000)
 ParOldGen       total 68608K, used 9440K [0x0000000080000000, 0x0000000084300000, 0x00000000d5580000)
  object space 68608K, 13% used [0x0000000080000000,0x0000000080938390,0x0000000084300000)
 Metaspace       used 20568K, committed 21504K, reserved 1114112K
  class space    used 2205K, committed 2624K, reserved 1048576K
}
Event: 13.977 GC heap after
{Heap after GC invocations=8 (full 1):
 PSYoungGen      total 29184K, used 0K [0x00000000d5580000, 0x00000000d7780000, 0x0000000100000000)
  eden space 24576K, 0% used [0x00000000d5580000,0x00000000d5580000,0x00000000d6d80000)
  from space 4608K, 0% used [0x00000000d6e00000,0x00000000d6e00000,0x00000000d7280000)
  to   space 5120K, 0% used [0x00000000d7280000,0x00000000d7280000,0x00000000d7780000)
 ParOldGen       total 68608K, used 13289K [0x0000000080000000, 0x0000000084300000, 0x00000000d5580000)
  object space 68608K, 19% used [0x0000000080000000,0x0000000080cfa5d8,0x0000000084300000)
 Metaspace       used 20555K, committed 21504K, reserved 1114112K
  class space    used 2202K, committed 2624K, reserved 1048576K
}
Event: 14.169 GC heap before
{Heap before GC invocations=9 (full 1):
 PSYoungGen      total 29184K, used 24576K [0x00000000d5580000, 0x00000000d7780000, 0x0000000100000000)
  eden space 24576K, 100% used [0x00000000d5580000,0x00000000d6d80000,0x00000000d6d80000)
  from space 4608K, 0% used [0x00000000d6e00000,0x00000000d6e00000,0x00000000d7280000)
  to   space 5120K, 0% used [0x00000000d7280000,0x00000000d7280000,0x00000000d7780000)
 ParOldGen       total 68608K, used 13289K [0x0000000080000000, 0x0000000084300000, 0x00000000d5580000)
  object space 68608K, 19% used [0x0000000080000000,0x0000000080cfa5d8,0x0000000084300000)
 Metaspace       used 22701K, committed 23744K, reserved 1114112K
  class space    used 2383K, committed 2816K, reserved 1048576K
}
Event: 14.170 GC heap after
{Heap after GC invocations=9 (full 1):
 PSYoungGen      total 25600K, used 1117K [0x00000000d5580000, 0x00000000d7400000, 0x0000000100000000)
  eden space 24064K, 0% used [0x00000000d5580000,0x00000000d5580000,0x00000000d6d00000)
  from space 1536K, 72% used [0x00000000d7280000,0x00000000d7397690,0x00000000d7400000)
  to   space 2560K, 0% used [0x00000000d6f00000,0x00000000d6f00000,0x00000000d7180000)
 ParOldGen       total 68608K, used 13297K [0x0000000080000000, 0x0000000084300000, 0x00000000d5580000)
  object space 68608K, 19% used [0x0000000080000000,0x0000000080cfc5d8,0x0000000084300000)
 Metaspace       used 22701K, committed 23744K, reserved 1114112K
  class space    used 2383K, committed 2816K, reserved 1048576K
}
Event: 14.294 GC heap before
{Heap before GC invocations=10 (full 1):
 PSYoungGen      total 25600K, used 25145K [0x00000000d5580000, 0x00000000d7400000, 0x0000000100000000)
  eden space 24064K, 99% used [0x00000000d5580000,0x00000000d6cf70f0,0x00000000d6d00000)
  from space 1536K, 72% used [0x00000000d7280000,0x00000000d7397690,0x00000000d7400000)
  to   space 2560K, 0% used [0x00000000d6f00000,0x00000000d6f00000,0x00000000d7180000)
 ParOldGen       total 68608K, used 13297K [0x0000000080000000, 0x0000000084300000, 0x00000000d5580000)
  object space 68608K, 19% used [0x0000000080000000,0x0000000080cfc5d8,0x0000000084300000)
 Metaspace       used 26374K, committed 27392K, reserved 1114112K
  class space    used 2654K, committed 3072K, reserved 1048576K
}
Event: 14.294 GC heap after
{Heap after GC invocations=10 (full 1):
 PSYoungGen      total 26112K, used 1264K [0x00000000d5580000, 0x00000000d7300000, 0x0000000100000000)
  eden space 23552K, 0% used [0x00000000d5580000,0x00000000d5580000,0x00000000d6c80000)
  from space 2560K, 49% used [0x00000000d6f00000,0x00000000d703c2e8,0x00000000d7180000)
  to   space 1536K, 0% used [0x00000000d7180000,0x00000000d7180000,0x00000000d7300000)
 ParOldGen       total 68608K, used 13305K [0x0000000080000000, 0x0000000084300000, 0x00000000d5580000)
  object space 68608K, 19% used [0x0000000080000000,0x0000000080cfe5d8,0x0000000084300000)
 Metaspace       used 26374K, committed 27392K, reserved 1114112K
  class space    used 2654K, committed 3072K, reserved 1048576K
}
Event: 14.480 GC heap before
{Heap before GC invocations=11 (full 1):
 PSYoungGen      total 26112K, used 24816K [0x00000000d5580000, 0x00000000d7300000, 0x0000000100000000)
  eden space 23552K, 100% used [0x00000000d5580000,0x00000000d6c80000,0x00000000d6c80000)
  from space 2560K, 49% used [0x00000000d6f00000,0x00000000d703c2e8,0x00000000d7180000)
  to   space 1536K, 0% used [0x00000000d7180000,0x00000000d7180000,0x00000000d7300000)
 ParOldGen       total 68608K, used 13305K [0x0000000080000000, 0x0000000084300000, 0x00000000d5580000)
  object space 68608K, 19% used [0x0000000080000000,0x0000000080cfe5d8,0x0000000084300000)
 Metaspace       used 27974K, committed 28992K, reserved 1114112K
  class space    used 2773K, committed 3200K, reserved 1048576K
}
Event: 14.481 GC heap after
{Heap after GC invocations=11 (full 1):
 PSYoungGen      total 24576K, used 1092K [0x00000000d5580000, 0x00000000d7300000, 0x0000000100000000)
  eden space 23040K, 0% used [0x00000000d5580000,0x00000000d5580000,0x00000000d6c00000)
  from space 1536K, 71% used [0x00000000d7180000,0x00000000d72911e8,0x00000000d7300000)
  to   space 1536K, 0% used [0x00000000d7000000,0x00000000d7000000,0x00000000d7180000)
 ParOldGen       total 68608K, used 15730K [0x0000000080000000, 0x0000000084300000, 0x00000000d5580000)
  object space 68608K, 22% used [0x0000000080000000,0x0000000080f5cab0,0x0000000084300000)
 Metaspace       used 27974K, committed 28992K, reserved 1114112K
  class space    used 2773K, committed 3200K, reserved 1048576K
}
Event: 14.700 GC heap before
{Heap before GC invocations=12 (full 1):
 PSYoungGen      total 24576K, used 24132K [0x00000000d5580000, 0x00000000d7300000, 0x0000000100000000)
  eden space 23040K, 100% used [0x00000000d5580000,0x00000000d6c00000,0x00000000d6c00000)
  from space 1536K, 71% used [0x00000000d7180000,0x00000000d72911e8,0x00000000d7300000)
  to   space 1536K, 0% used [0x00000000d7000000,0x00000000d7000000,0x00000000d7180000)
 ParOldGen       total 68608K, used 15730K [0x0000000080000000, 0x0000000084300000, 0x00000000d5580000)
  object space 68608K, 22% used [0x0000000080000000,0x0000000080f5cab0,0x0000000084300000)
 Metaspace       used 31265K, committed 32384K, reserved 1114112K
  class space    used 3135K, committed 3648K, reserved 1048576K
}
Event: 14.701 GC heap after
{Heap after GC invocations=12 (full 1):
 PSYoungGen      total 24064K, used 1513K [0x00000000d5580000, 0x00000000d7200000, 0x0000000100000000)
  eden space 22528K, 0% used [0x00000000d5580000,0x00000000d5580000,0x00000000d6b80000)
  from space 1536K, 98% used [0x00000000d7000000,0x00000000d717a7b8,0x00000000d7180000)
  to   space 512K, 0% used [0x00000000d7180000,0x00000000d7180000,0x00000000d7200000)
 ParOldGen       total 68608K, used 16995K [0x0000000080000000, 0x0000000084300000, 0x00000000d5580000)
  object space 68608K, 24% used [0x0000000080000000,0x0000000081098d20,0x0000000084300000)
 Metaspace       used 31265K, committed 32384K, reserved 1114112K
  class space    used 3135K, committed 3648K, reserved 1048576K
}
Event: 14.849 GC heap before
{Heap before GC invocations=13 (full 1):
 PSYoungGen      total 24064K, used 24041K [0x00000000d5580000, 0x00000000d7200000, 0x0000000100000000)
  eden space 22528K, 100% used [0x00000000d5580000,0x00000000d6b80000,0x00000000d6b80000)
  from space 1536K, 98% used [0x00000000d7000000,0x00000000d717a7b8,0x00000000d7180000)
  to   space 512K, 0% used [0x00000000d7180000,0x00000000d7180000,0x00000000d7200000)
 ParOldGen       total 68608K, used 16995K [0x0000000080000000, 0x0000000084300000, 0x00000000d5580000)
  object space 68608K, 24% used [0x0000000080000000,0x0000000081098d20,0x0000000084300000)
 Metaspace       used 33864K, committed 34944K, reserved 1114112K
  class space    used 3468K, committed 3968K, reserved 1048576K
}
Event: 14.851 GC heap after
{Heap after GC invocations=13 (full 1):
 PSYoungGen      total 22528K, used 512K [0x00000000d5580000, 0x00000000d7300000, 0x0000000100000000)
  eden space 22016K, 0% used [0x00000000d5580000,0x00000000d5580000,0x00000000d6b00000)
  from space 512K, 100% used [0x00000000d7180000,0x00000000d7200000,0x00000000d7200000)
  to   space 4096K, 0% used [0x00000000d6b00000,0x00000000d6b00000,0x00000000d6f00000)
 ParOldGen       total 68608K, used 20037K [0x0000000080000000, 0x0000000084300000, 0x00000000d5580000)
  object space 68608K, 29% used [0x0000000080000000,0x0000000081391430,0x0000000084300000)
 Metaspace       used 33864K, committed 34944K, reserved 1114112K
  class space    used 3468K, committed 3968K, reserved 1048576K
}
Event: 14.887 GC heap before
{Heap before GC invocations=14 (full 1):
 PSYoungGen      total 22528K, used 7467K [0x00000000d5580000, 0x00000000d7300000, 0x0000000100000000)
  eden space 22016K, 31% used [0x00000000d5580000,0x00000000d5c4ad88,0x00000000d6b00000)
  from space 512K, 100% used [0x00000000d7180000,0x00000000d7200000,0x00000000d7200000)
  to   space 4096K, 0% used [0x00000000d6b00000,0x00000000d6b00000,0x00000000d6f00000)
 ParOldGen       total 68608K, used 20037K [0x0000000080000000, 0x0000000084300000, 0x00000000d5580000)
  object space 68608K, 29% used [0x0000000080000000,0x0000000081391430,0x0000000084300000)
 Metaspace       used 34700K, committed 35840K, reserved 1114112K
  class space    used 3555K, committed 4032K, reserved 1048576K
}
Event: 14.888 GC heap after
{Heap after GC invocations=14 (full 1):
 PSYoungGen      total 26112K, used 651K [0x00000000d5580000, 0x00000000d7200000, 0x0000000100000000)
  eden space 22016K, 0% used [0x00000000d5580000,0x00000000d5580000,0x00000000d6b00000)
  from space 4096K, 15% used [0x00000000d6b00000,0x00000000d6ba2de0,0x00000000d6f00000)
  to   space 2048K, 0% used [0x00000000d7000000,0x00000000d7000000,0x00000000d7200000)
 ParOldGen       total 68608K, used 20567K [0x0000000080000000, 0x0000000084300000, 0x00000000d5580000)
  object space 68608K, 29% used [0x0000000080000000,0x0000000081415ef8,0x0000000084300000)
 Metaspace       used 34700K, committed 35840K, reserved 1114112K
  class space    used 3555K, committed 4032K, reserved 1048576K
}
Event: 14.888 GC heap before
{Heap before GC invocations=15 (full 2):
 PSYoungGen      total 26112K, used 651K [0x00000000d5580000, 0x00000000d7200000, 0x0000000100000000)
  eden space 22016K, 0% used [0x00000000d5580000,0x00000000d5580000,0x00000000d6b00000)
  from space 4096K, 15% used [0x00000000d6b00000,0x00000000d6ba2de0,0x00000000d6f00000)
  to   space 2048K, 0% used [0x00000000d7000000,0x00000000d7000000,0x00000000d7200000)
 ParOldGen       total 68608K, used 20567K [0x0000000080000000, 0x0000000084300000, 0x00000000d5580000)
  object space 68608K, 29% used [0x0000000080000000,0x0000000081415ef8,0x0000000084300000)
 Metaspace       used 34700K, committed 35840K, reserved 1114112K
  class space    used 3555K, committed 4032K, reserved 1048576K
}
Event: 14.911 GC heap after
{Heap after GC invocations=15 (full 2):
 PSYoungGen      total 26112K, used 0K [0x00000000d5580000, 0x00000000d7200000, 0x0000000100000000)
  eden space 22016K, 0% used [0x00000000d5580000,0x00000000d5580000,0x00000000d6b00000)
  from space 4096K, 0% used [0x00000000d6b00000,0x00000000d6b00000,0x00000000d6f00000)
  to   space 2048K, 0% used [0x00000000d7000000,0x00000000d7000000,0x00000000d7200000)
 ParOldGen       total 68608K, used 20107K [0x0000000080000000, 0x0000000084300000, 0x00000000d5580000)
  object space 68608K, 29% used [0x0000000080000000,0x00000000813a2d18,0x0000000084300000)
 Metaspace       used 34700K, committed 35840K, reserved 1114112K
  class space    used 3555K, committed 4032K, reserved 1048576K
}

Dll operation events (10 events):
Event: 0.009 Loaded shared library c:\Users\kakal\.vscode\extensions\redhat.java-1.54.0-win32-x64\jre\21.0.10-win32-x86_64\bin\java.dll
Event: 0.063 Loaded shared library c:\Users\kakal\.vscode\extensions\redhat.java-1.54.0-win32-x64\jre\21.0.10-win32-x86_64\bin\zip.dll
Event: 0.080 Loaded shared library C:\Users\kakal\.vscode\extensions\redhat.java-1.54.0-win32-x64\jre\21.0.10-win32-x86_64\bin\instrument.dll
Event: 0.085 Loaded shared library C:\Users\kakal\.vscode\extensions\redhat.java-1.54.0-win32-x64\jre\21.0.10-win32-x86_64\bin\net.dll
Event: 0.098 Loaded shared library C:\Users\kakal\.vscode\extensions\redhat.java-1.54.0-win32-x64\jre\21.0.10-win32-x86_64\bin\nio.dll
Event: 0.102 Loaded shared library C:\Users\kakal\.vscode\extensions\redhat.java-1.54.0-win32-x64\jre\21.0.10-win32-x86_64\bin\zip.dll
Event: 0.118 Loaded shared library C:\Users\kakal\.vscode\extensions\redhat.java-1.54.0-win32-x64\jre\21.0.10-win32-x86_64\bin\jimage.dll
Event: 0.218 Loaded shared library c:\Users\kakal\.vscode\extensions\redhat.java-1.54.0-win32-x64\jre\21.0.10-win32-x86_64\bin\verify.dll
Event: 6.550 Loaded shared library C:\Users\kakal\AppData\Roaming\Code\User\globalStorage\redhat.java\1.54.0\config_win\org.eclipse.equinox.launcher\org.eclipse.equinox.launcher.win32.win32.x86_64_1.3.0.v20260203-2149\eclipse_11919.dll
Event: 13.594 Loaded shared library C:\Users\kakal\AppData\Local\Temp\jna-101812416\jna18001233539798266008.dll

Deoptimization events (20 events):
Event: 14.918 Thread 0x000001cb7515d160 Uncommon trap: trap_request=0xffffff45 fr.pc=0x000001cb07c20524 relative=0x00000000000000e4
Event: 14.918 Thread 0x000001cb7515d160 Uncommon trap: reason=unstable_if action=reinterpret pc=0x000001cb07c20524 method=java.lang.CharacterDataLatin1.digit(II)I @ 7 c2
Event: 14.918 Thread 0x000001cb7515d160 DEOPT PACKING pc=0x000001cb07c20524 sp=0x000000b6680fe450
Event: 14.918 Thread 0x000001cb7515d160 DEOPT UNPACKING pc=0x000001cb07583aa2 sp=0x000000b6680fe310 mode 2
Event: 14.918 Thread 0x000001cb7515d160 Uncommon trap: trap_request=0xffffff3d fr.pc=0x000001cb07b9be88 relative=0x00000000000001e8
Event: 14.918 Thread 0x000001cb7515d160 Uncommon trap: reason=unstable_fused_if action=reinterpret pc=0x000001cb07b9be88 method=java.lang.CharacterDataLatin1.equalsIgnoreCase(BB)Z @ 16 c2
Event: 14.918 Thread 0x000001cb7515d160 DEOPT PACKING pc=0x000001cb07b9be88 sp=0x000000b6680fe540
Event: 14.918 Thread 0x000001cb7515d160 DEOPT UNPACKING pc=0x000001cb07583aa2 sp=0x000000b6680fe448 mode 2
Event: 14.918 Thread 0x000001cb7515d160 Uncommon trap: trap_request=0xffffff45 fr.pc=0x000001cb07b0bc48 relative=0x00000000000000a8
Event: 14.918 Thread 0x000001cb7515d160 Uncommon trap: reason=unstable_if action=reinterpret pc=0x000001cb07b0bc48 method=java.lang.CharacterDataLatin1.digit(II)I @ 7 c2
Event: 14.918 Thread 0x000001cb7515d160 DEOPT PACKING pc=0x000001cb07b0bc48 sp=0x000000b6680fe3b0
Event: 14.918 Thread 0x000001cb7515d160 DEOPT UNPACKING pc=0x000001cb07583aa2 sp=0x000000b6680fe330 mode 2
Event: 14.929 Thread 0x000001cb55b28f90 Uncommon trap: trap_request=0xffffff45 fr.pc=0x000001cb07cef954 relative=0x0000000000001394
Event: 14.929 Thread 0x000001cb55b28f90 Uncommon trap: reason=unstable_if action=reinterpret pc=0x000001cb07cef954 method=com.google.gson.stream.JsonReader.nextQuotedValue(C)Ljava/lang/String; @ 121 c2
Event: 14.929 Thread 0x000001cb55b28f90 DEOPT PACKING pc=0x000001cb07cef954 sp=0x000000b66b7fe680
Event: 14.929 Thread 0x000001cb55b28f90 DEOPT UNPACKING pc=0x000001cb07583aa2 sp=0x000000b66b7fe668 mode 2
Event: 14.991 Thread 0x000001cb55b28f90 Uncommon trap: trap_request=0xffffff45 fr.pc=0x000001cb07cb1a2c relative=0x0000000000000b2c
Event: 14.991 Thread 0x000001cb55b28f90 Uncommon trap: reason=unstable_if action=reinterpret pc=0x000001cb07cb1a2c method=org.eclipse.osgi.internal.loader.BundleLoader.getPackageName(Ljava/lang/String;)Ljava/lang/String; @ 12 c2
Event: 14.991 Thread 0x000001cb55b28f90 DEOPT PACKING pc=0x000001cb07cb1a2c sp=0x000000b66b7fdd20
Event: 14.991 Thread 0x000001cb55b28f90 DEOPT UNPACKING pc=0x000001cb07583aa2 sp=0x000000b66b7fdc90 mode 2

Classes loaded (20 events):
Event: 14.925 Loading class sun/nio/cs/ThreadLocalCoders
Event: 14.925 Loading class sun/nio/cs/ThreadLocalCoders done
Event: 14.925 Loading class sun/nio/cs/ThreadLocalCoders$1
Event: 14.925 Loading class sun/nio/cs/ThreadLocalCoders$Cache
Event: 14.925 Loading class sun/nio/cs/ThreadLocalCoders$Cache done
Event: 14.925 Loading class sun/nio/cs/ThreadLocalCoders$1 done
Event: 14.925 Loading class sun/nio/cs/ThreadLocalCoders$2
Event: 14.925 Loading class sun/nio/cs/ThreadLocalCoders$2 done
Event: 14.931 Loading class java/io/PrintWriter$1
Event: 14.931 Loading class jdk/internal/access/JavaIOPrintWriterAccess
Event: 14.931 Loading class jdk/internal/access/JavaIOPrintWriterAccess done
Event: 14.931 Loading class java/io/PrintWriter$1 done
Event: 14.933 Loading class java/time/format/DateTimeParseContext
Event: 14.933 Loading class java/time/format/DateTimeParseContext done
Event: 14.933 Loading class java/time/format/Parsed
Event: 14.933 Loading class java/time/format/Parsed done
Event: 14.937 Loading class sun/reflect/generics/repository/FieldRepository
Event: 14.937 Loading class sun/reflect/generics/repository/FieldRepository done
Event: 14.959 Loading class java/io/UTFDataFormatException
Event: 14.959 Loading class java/io/UTFDataFormatException done

Classes unloaded (7 events):
Event: 13.959 Thread 0x000001cb75200940 Unloading class 0x000001cb101aec00 'java/lang/invoke/LambdaForm$MH+0x000001cb101aec00'
Event: 13.959 Thread 0x000001cb75200940 Unloading class 0x000001cb101ae800 'java/lang/invoke/LambdaForm$MH+0x000001cb101ae800'
Event: 13.959 Thread 0x000001cb75200940 Unloading class 0x000001cb101ae400 'java/lang/invoke/LambdaForm$MH+0x000001cb101ae400'
Event: 13.959 Thread 0x000001cb75200940 Unloading class 0x000001cb101ae000 'java/lang/invoke/LambdaForm$MH+0x000001cb101ae000'
Event: 13.959 Thread 0x000001cb75200940 Unloading class 0x000001cb101adc00 'java/lang/invoke/LambdaForm$BMH+0x000001cb101adc00'
Event: 13.959 Thread 0x000001cb75200940 Unloading class 0x000001cb101ad800 'java/lang/invoke/LambdaForm$DMH+0x000001cb101ad800'
Event: 13.959 Thread 0x000001cb75200940 Unloading class 0x000001cb101ac400 'java/lang/invoke/LambdaForm$DMH+0x000001cb101ac400'

Classes redefined (0 events):
No events

Internal exceptions (20 events):
Event: 14.768 Thread 0x000001cb7f46e1a0 Exception <a 'sun/nio/fs/WindowsException'{0x00000000d6173380}> (0x00000000d6173380) 
thrown [s\src\hotspot\share\prims\jni.cpp, line 520]
Event: 14.769 Thread 0x000001cb7f46e1a0 Exception <a 'sun/nio/fs/WindowsException'{0x00000000d618ada0}> (0x00000000d618ada0) 
thrown [s\src\hotspot\share\prims\jni.cpp, line 520]
Event: 14.769 Thread 0x000001cb7f46e1a0 Exception <a 'sun/nio/fs/WindowsException'{0x00000000d618b680}> (0x00000000d618b680) 
thrown [s\src\hotspot\share\prims\jni.cpp, line 520]
Event: 14.770 Thread 0x000001cb7f46e1a0 Exception <a 'sun/nio/fs/WindowsException'{0x00000000d61b1518}> (0x00000000d61b1518) 
thrown [s\src\hotspot\share\prims\jni.cpp, line 520]
Event: 14.770 Thread 0x000001cb7f46e1a0 Exception <a 'sun/nio/fs/WindowsException'{0x00000000d61b1d70}> (0x00000000d61b1d70) 
thrown [s\src\hotspot\share\prims\jni.cpp, line 520]
Event: 14.770 Thread 0x000001cb7f46e1a0 Exception <a 'sun/nio/fs/WindowsException'{0x00000000d61b4b20}> (0x00000000d61b4b20) 
thrown [s\src\hotspot\share\prims\jni.cpp, line 520]
Event: 14.770 Thread 0x000001cb7f46e1a0 Exception <a 'sun/nio/fs/WindowsException'{0x00000000d61b5150}> (0x00000000d61b5150) 
thrown [s\src\hotspot\share\prims\jni.cpp, line 520]
Event: 14.778 Thread 0x000001cb7f46e1a0 Exception <a 'java/io/FileNotFoundException'{0x00000000d62a0d88}> (0x00000000d62a0d88) 
thrown [s\src\hotspot\share\prims\jni.cpp, line 520]
Event: 14.830 Thread 0x000001cb7f46e1a0 Exception <a 'sun/nio/fs/WindowsException'{0x00000000d69c4c10}> (0x00000000d69c4c10) 
thrown [s\src\hotspot\share\prims\jni.cpp, line 520]
Event: 14.830 Thread 0x000001cb7f46e1a0 Exception <a 'sun/nio/fs/WindowsException'{0x00000000d69c5240}> (0x00000000d69c5240) 
thrown [s\src\hotspot\share\prims\jni.cpp, line 520]
Event: 14.875 Thread 0x000001cb7515d160 Exception <a 'java/lang/NoSuchMethodError'{0x00000000d59c4a70}: 'void java.lang.invoke.DirectMethodHandle$Holder.invokeSpecial(java.lang.Object, java.lang.Object, java.lang.Object, java.lang.Object, java.lang.Object, java.lang.Object)'> (0x00000000d59c4a70) 
thrown [s\src\hotspot\share\interpreter\linkResolver.cpp, line 773]
Event: 14.876 Thread 0x000001cb7515d160 Exception <a 'java/lang/IncompatibleClassChangeError'{0x00000000d5a09b48}: Found class java.lang.Object, but interface was expected> (0x00000000d5a09b48) 
thrown [s\src\hotspot\share\interpreter\linkResolver.cpp, line 840]
Event: 14.876 Thread 0x000001cb7515d160 Exception <a 'java/lang/IncompatibleClassChangeError'{0x00000000d5a0ba08}: Found class java.lang.Object, but interface was expected> (0x00000000d5a0ba08) 
thrown [s\src\hotspot\share\interpreter\linkResolver.cpp, line 840]
Event: 14.934 Thread 0x000001cb7f46e1a0 Exception <a 'sun/nio/fs/WindowsException'{0x00000000d5780e38}> (0x00000000d5780e38) 
thrown [s\src\hotspot\share\prims\jni.cpp, line 520]
Event: 14.951 Thread 0x000001cb7f46e1a0 Exception <a 'java/io/FileNotFoundException'{0x00000000d59f5338}> (0x00000000d59f5338) 
thrown [s\src\hotspot\share\prims\jni.cpp, line 520]
Event: 14.951 Thread 0x000001cb7f46e1a0 Exception <a 'java/io/FileNotFoundException'{0x00000000d59f6940}> (0x00000000d59f6940) 
thrown [s\src\hotspot\share\prims\jni.cpp, line 520]
Event: 14.952 Thread 0x000001cb7f46e1a0 Exception <a 'java/lang/NoSuchMethodError'{0x00000000d5a5dbb8}: 'java.lang.Object java.lang.invoke.DirectMethodHandle$Holder.newInvokeSpecial(java.lang.Object, java.lang.Object, java.lang.Object, int)'> (0x00000000d5a5dbb8) 
thrown [s\src\hotspot\share\interpreter\linkResolver.cpp, line 773]
Event: 14.953 Thread 0x000001cb7f46e1a0 Exception <a 'java/lang/NoSuchMethodError'{0x00000000d5a61830}: 'java.lang.Object java.lang.invoke.DirectMethodHandle$Holder.invokeSpecial(java.lang.Object, java.lang.Object, java.lang.Object, java.lang.Object, int)'> (0x00000000d5a61830) 
thrown [s\src\hotspot\share\interpreter\linkResolver.cpp, line 773]
Event: 14.953 Thread 0x000001cb7f46e1a0 Exception <a 'java/lang/NoSuchMethodError'{0x00000000d5a9b8c0}: 'java.lang.Object java.lang.invoke.Invokers$Holder.linkToTargetMethod(java.lang.Object, java.lang.Object, int, java.lang.Object)'> (0x00000000d5a9b8c0) 
thrown [s\src\hotspot\share\interpreter\linkResolver.cpp, line 773]
Event: 14.954 Thread 0x000001cb7f46e1a0 Exception <a 'java/lang/NoSuchMethodError'{0x00000000d5aa7830}: 'void java.lang.invoke.DirectMethodHandle$Holder.invokeStaticInit(java.lang.Object, java.lang.Object, java.lang.Object)'> (0x00000000d5aa7830) 
thrown [s\src\hotspot\share\interpreter\linkResolver.cpp, line 773]

ZGC Phase Switch (0 events):
No events

VM Operations (20 events):
Event: 13.923 Executing non-safepoint VM operation: HandshakeAllThreads (Deoptimize)
Event: 13.923 Executing non-safepoint VM operation: HandshakeAllThreads (Deoptimize) done
Event: 13.953 Executing safepoint VM operation: CollectForMetadataAllocation (Metadata GC Threshold)
Event: 13.977 Executing safepoint VM operation: CollectForMetadataAllocation (Metadata GC Threshold) done
Event: 14.169 Executing safepoint VM operation: ParallelGCFailedAllocation (Allocation Failure)
Event: 14.170 Executing safepoint VM operation: ParallelGCFailedAllocation (Allocation Failure) done
Event: 14.294 Executing safepoint VM operation: ParallelGCFailedAllocation (Allocation Failure)
Event: 14.294 Executing safepoint VM operation: ParallelGCFailedAllocation (Allocation Failure) done
Event: 14.480 Executing safepoint VM operation: ParallelGCFailedAllocation (Allocation Failure)
Event: 14.481 Executing safepoint VM operation: ParallelGCFailedAllocation (Allocation Failure) done
Event: 14.500 Executing non-safepoint VM operation: HandshakeAllThreads (Deoptimize)
Event: 14.500 Executing non-safepoint VM operation: HandshakeAllThreads (Deoptimize) done
Event: 14.571 Executing non-safepoint VM operation: HandshakeAllThreads (Deoptimize)
Event: 14.571 Executing non-safepoint VM operation: HandshakeAllThreads (Deoptimize) done
Event: 14.700 Executing safepoint VM operation: ParallelGCFailedAllocation (Allocation Failure)
Event: 14.702 Executing safepoint VM operation: ParallelGCFailedAllocation (Allocation Failure) done
Event: 14.849 Executing safepoint VM operation: ParallelGCFailedAllocation (Allocation Failure)
Event: 14.851 Executing safepoint VM operation: ParallelGCFailedAllocation (Allocation Failure) done
Event: 14.887 Executing safepoint VM operation: CollectForMetadataAllocation (Metadata GC Threshold)
Event: 14.911 Executing safepoint VM operation: CollectForMetadataAllocation (Metadata GC Threshold) done

Memory protections (0 events):
No events

Nmethod flushes (20 events):
Event: 14.901 Thread 0x000001cb75200940 flushing  nmethod 0x000001cb0063e310
Event: 14.901 Thread 0x000001cb75200940 flushing  nmethod 0x000001cb0063ec10
Event: 14.901 Thread 0x000001cb75200940 flushing  nmethod 0x000001cb0063fe10
Event: 14.901 Thread 0x000001cb75200940 flushing  nmethod 0x000001cb00640a90
Event: 14.901 Thread 0x000001cb75200940 flushing  nmethod 0x000001cb00641210
Event: 14.901 Thread 0x000001cb75200940 flushing  nmethod 0x000001cb00642790
Event: 14.901 Thread 0x000001cb75200940 flushing  nmethod 0x000001cb00643710
Event: 14.901 Thread 0x000001cb75200940 flushing  nmethod 0x000001cb00644510
Event: 14.901 Thread 0x000001cb75200940 flushing  nmethod 0x000001cb00646110
Event: 14.901 Thread 0x000001cb75200940 flushing  nmethod 0x000001cb00646d90
Event: 14.901 Thread 0x000001cb75200940 flushing  nmethod 0x000001cb00647290
Event: 14.901 Thread 0x000001cb75200940 flushing  nmethod 0x000001cb00648110
Event: 14.901 Thread 0x000001cb75200940 flushing  nmethod 0x000001cb00661690
Event: 14.901 Thread 0x000001cb75200940 flushing  nmethod 0x000001cb0067c190
Event: 14.901 Thread 0x000001cb75200940 flushing  nmethod 0x000001cb0067fb90
Event: 14.901 Thread 0x000001cb75200940 flushing  nmethod 0x000001cb00685010
Event: 14.901 Thread 0x000001cb75200940 flushing  nmethod 0x000001cb0068fe90
Event: 14.901 Thread 0x000001cb75200940 flushing  nmethod 0x000001cb006fd410
Event: 14.901 Thread 0x000001cb75200940 flushing  nmethod 0x000001cb0073a710
Event: 14.901 Thread 0x000001cb75200940 flushing  nmethod 0x000001cb0073ab90

Events (20 events):
Event: 14.479 Thread 0x000001cb7df90f90 Thread added: 0x000001cb7f46db10
Event: 14.580 Thread 0x000001cb7521bc80 Thread added: 0x000001cb54a794f0
Event: 14.665 Thread 0x000001cb7f46c760 Thread added: 0x000001cb7f46e830
Event: 14.690 Thread 0x000001cb7f46e830 Thread added: 0x000001cb7f46eec0
Event: 14.725 Thread 0x000001cb7515d160 Thread added: 0x000001cb7f46c0d0
Event: 14.725 Thread 0x000001cb7515d160 Thread added: 0x000001cb7f46f550
Event: 14.725 Thread 0x000001cb7515d160 Thread added: 0x000001cb55b26830
Event: 14.725 Thread 0x000001cb7515d160 Thread added: 0x000001cb55b240d0
Event: 14.725 Thread 0x000001cb7515d160 Thread added: 0x000001cb55b27550
Event: 14.726 Thread 0x000001cb7515d160 Thread added: 0x000001cb55b24df0
Event: 14.726 Thread 0x000001cb7515d160 Thread added: 0x000001cb55b27be0
Event: 14.726 Thread 0x000001cb7515d160 Thread added: 0x000001cb55b25480
Event: 14.726 Thread 0x000001cb7515d160 Thread added: 0x000001cb55b25b10
Event: 14.726 Thread 0x000001cb7515d160 Thread added: 0x000001cb55b261a0
Event: 14.727 Thread 0x000001cb7515d160 Thread added: 0x000001cb55b26ec0
Event: 14.727 Thread 0x000001cb7515d160 Thread added: 0x000001cb55b24760
Event: 14.727 Thread 0x000001cb7515d160 Thread added: 0x000001cb55b29620
Event: 14.758 Thread 0x000001cb7515d160 Thread added: 0x000001cb55b2b6f0
Event: 14.916 Thread 0x000001cb7515d160 Thread added: 0x000001cb55b29cb0
Event: 14.916 Thread 0x000001cb7515d160 Thread added: 0x000001cb55b28f90


Dynamic libraries:
0x00007ff65f480000 - 0x00007ff65f48e000 	c:\Users\kakal\.vscode\extensions\redhat.java-1.54.0-win32-x64\jre\21.0.10-win32-x86_64\bin\java.exe
0x00007ffbc3dc0000 - 0x00007ffbc4027000 	C:\WINDOWS\SYSTEM32\ntdll.dll
0x00007ffbc2bd0000 - 0x00007ffbc2c99000 	C:\WINDOWS\System32\KERNEL32.DLL
0x00007ffbc1120000 - 0x00007ffbc1517000 	C:\WINDOWS\System32\KERNELBASE.dll
0x00007ffbc1760000 - 0x00007ffbc18ab000 	C:\WINDOWS\System32\ucrtbase.dll
0x00007ffbad9b0000 - 0x00007ffbad9ce000 	c:\Users\kakal\.vscode\extensions\redhat.java-1.54.0-win32-x64\jre\21.0.10-win32-x86_64\bin\VCRUNTIME140.dll
0x00007ffbb1120000 - 0x00007ffbb1138000 	c:\Users\kakal\.vscode\extensions\redhat.java-1.54.0-win32-x64\jre\21.0.10-win32-x86_64\bin\jli.dll
0x00007ffbc3b20000 - 0x00007ffbc3ce6000 	C:\WINDOWS\System32\USER32.dll
0x00007ffbc1730000 - 0x00007ffbc1757000 	C:\WINDOWS\System32\win32u.dll
0x00007ffbad590000 - 0x00007ffbad822000 	C:\WINDOWS\WinSxS\amd64_microsoft.windows.common-controls_6595b64144ccf1df_6.0.26100.8457_none_3e0b2faee331e92d\COMCTL32.dll
0x00007ffbc2ba0000 - 0x00007ffbc2bcb000 	C:\WINDOWS\System32\GDI32.dll
0x00007ffbc3410000 - 0x00007ffbc34b9000 	C:\WINDOWS\System32\msvcrt.dll
0x00007ffbc18b0000 - 0x00007ffbc19dc000 	C:\WINDOWS\System32\gdi32full.dll
0x00007ffbc19e0000 - 0x00007ffbc1a83000 	C:\WINDOWS\System32\msvcp_win.dll
0x00007ffbc1d30000 - 0x00007ffbc1d62000 	C:\WINDOWS\System32\IMM32.DLL
0x00007ffbb1190000 - 0x00007ffbb119c000 	c:\Users\kakal\.vscode\extensions\redhat.java-1.54.0-win32-x64\jre\21.0.10-win32-x86_64\bin\vcruntime140_1.dll
0x00007ffb51270000 - 0x00007ffb512fd000 	c:\Users\kakal\.vscode\extensions\redhat.java-1.54.0-win32-x64\jre\21.0.10-win32-x86_64\bin\msvcp140.dll
0x00007ffacbd70000 - 0x00007ffaccb11000 	c:\Users\kakal\.vscode\extensions\redhat.java-1.54.0-win32-x64\jre\21.0.10-win32-x86_64\bin\server\jvm.dll
0x00007ffbc2df0000 - 0x00007ffbc2ea6000 	C:\WINDOWS\System32\ADVAPI32.dll
0x00007ffbc31e0000 - 0x00007ffbc3287000 	C:\WINDOWS\System32\sechost.dll
0x00007ffbc1ba0000 - 0x00007ffbc1cb8000 	C:\WINDOWS\System32\RPCRT4.dll
0x00007ffbc22f0000 - 0x00007ffbc2370000 	C:\WINDOWS\System32\WS2_32.dll
0x00007ffbc0650000 - 0x00007ffbc06ae000 	C:\WINDOWS\SYSTEM32\POWRPROF.dll
0x00007ffbb9740000 - 0x00007ffbb974b000 	C:\WINDOWS\SYSTEM32\VERSION.dll
0x00007ffbae080000 - 0x00007ffbae0b6000 	C:\WINDOWS\SYSTEM32\WINMM.dll
0x00007ffbc0630000 - 0x00007ffbc0644000 	C:\WINDOWS\SYSTEM32\UMPDC.dll
0x00007ffbbf540000 - 0x00007ffbbf55b000 	C:\WINDOWS\SYSTEM32\kernel.appcore.dll
0x00007ffbabb90000 - 0x00007ffbabb9a000 	c:\Users\kakal\.vscode\extensions\redhat.java-1.54.0-win32-x64\jre\21.0.10-win32-x86_64\bin\jimage.dll
0x00007ffbae260000 - 0x00007ffbae4a2000 	C:\WINDOWS\SYSTEM32\DBGHELP.DLL
0x00007ffbc36d0000 - 0x00007ffbc3a53000 	C:\WINDOWS\System32\combase.dll
0x00007ffbc2200000 - 0x00007ffbc22d9000 	C:\WINDOWS\System32\OLEAUT32.dll
0x00007ffba5150000 - 0x00007ffba518b000 	C:\WINDOWS\SYSTEM32\dbgcore.DLL
0x00007ffbc1a90000 - 0x00007ffbc1b38000 	C:\WINDOWS\System32\bcryptPrimitives.dll
0x00007ffbabb50000 - 0x00007ffbabb5f000 	c:\Users\kakal\.vscode\extensions\redhat.java-1.54.0-win32-x64\jre\21.0.10-win32-x86_64\bin\instrument.dll
0x00007ffba36a0000 - 0x00007ffba36c0000 	c:\Users\kakal\.vscode\extensions\redhat.java-1.54.0-win32-x64\jre\21.0.10-win32-x86_64\bin\java.dll
0x00007ffbc2390000 - 0x00007ffbc2afe000 	C:\WINDOWS\System32\SHELL32.dll
0x00007ffbc08b0000 - 0x00007ffbc111c000 	C:\WINDOWS\System32\windows.storage.dll
0x00007ffbc3310000 - 0x00007ffbc3406000 	C:\WINDOWS\System32\SHCORE.dll
0x00007ffbc1cc0000 - 0x00007ffbc1d26000 	C:\WINDOWS\System32\shlwapi.dll
0x00007ffbc0710000 - 0x00007ffbc0739000 	C:\WINDOWS\SYSTEM32\profapi.dll
0x00007ffba1810000 - 0x00007ffba1828000 	c:\Users\kakal\.vscode\extensions\redhat.java-1.54.0-win32-x64\jre\21.0.10-win32-x86_64\bin\zip.dll
0x00007ffbab4f0000 - 0x00007ffbab500000 	C:\Users\kakal\.vscode\extensions\redhat.java-1.54.0-win32-x64\jre\21.0.10-win32-x86_64\bin\net.dll
0x00007ffbbadd0000 - 0x00007ffbbaef9000 	C:\WINDOWS\SYSTEM32\WINHTTP.dll
0x00007ffbbfa90000 - 0x00007ffbbfafc000 	C:\WINDOWS\system32\mswsock.dll
0x00007ffba17f0000 - 0x00007ffba1806000 	C:\Users\kakal\.vscode\extensions\redhat.java-1.54.0-win32-x64\jre\21.0.10-win32-x86_64\bin\nio.dll
0x00007ffba3f30000 - 0x00007ffba3f40000 	c:\Users\kakal\.vscode\extensions\redhat.java-1.54.0-win32-x64\jre\21.0.10-win32-x86_64\bin\verify.dll
0x00007ffb665b0000 - 0x00007ffb665f5000 	C:\Users\kakal\AppData\Roaming\Code\User\globalStorage\redhat.java\1.54.0\config_win\org.eclipse.equinox.launcher\org.eclipse.equinox.launcher.win32.win32.x86_64_1.3.0.v20260203-2149\eclipse_11919.dll
0x00007ffbc3010000 - 0x00007ffbc31a7000 	C:\WINDOWS\System32\ole32.dll
0x00007ffbbfe90000 - 0x00007ffbbfeab000 	C:\WINDOWS\SYSTEM32\CRYPTSP.dll
0x00007ffbbf4a0000 - 0x00007ffbbf4d9000 	C:\WINDOWS\system32\rsaenh.dll
0x00007ffbbfb40000 - 0x00007ffbbfb73000 	C:\WINDOWS\SYSTEM32\USERENV.dll
0x00007ffbc06e0000 - 0x00007ffbc070a000 	C:\WINDOWS\SYSTEM32\bcrypt.dll
0x00007ffbbfcf0000 - 0x00007ffbbfcfc000 	C:\WINDOWS\SYSTEM32\CRYPTBASE.dll
0x00007ffbbef30000 - 0x00007ffbbef62000 	C:\WINDOWS\SYSTEM32\IPHLPAPI.DLL
0x00007ffbc22e0000 - 0x00007ffbc22ea000 	C:\WINDOWS\System32\NSI.dll
0x00007ffb513b0000 - 0x00007ffb513f9000 	C:\Users\kakal\AppData\Local\Temp\jna-101812416\jna18001233539798266008.dll
0x00007ffbc2380000 - 0x00007ffbc2388000 	C:\WINDOWS\System32\PSAPI.DLL
0x00007ffbbb110000 - 0x00007ffbbb12d000 	C:\WINDOWS\SYSTEM32\dhcpcsvc6.DLL
0x00007ffbbace0000 - 0x00007ffbbad05000 	C:\WINDOWS\SYSTEM32\dhcpcsvc.DLL

JVMTI agents:
c:\Users\kakal\.vscode\extensions\redhat.java-1.54.0-win32-x64\lombok\lombok-1.18.39-4050.jar path:c:\Users\kakal\.vscode\extensions\redhat.java-1.54.0-win32-x64\jre\21.0.10-win32-x86_64\bin\instrument.dll, loaded, initialized, instrumentlib options:none

dbghelp: loaded successfully - version: 4.0.5 - missing functions: none
symbol engine: initialized successfully - sym options: 0x614 - pdb path: .;c:\Users\kakal\.vscode\extensions\redhat.java-1.54.0-win32-x64\jre\21.0.10-win32-x86_64\bin;C:\WINDOWS\SYSTEM32;C:\WINDOWS\WinSxS\amd64_microsoft.windows.common-controls_6595b64144ccf1df_6.0.26100.8457_none_3e0b2faee331e92d;c:\Users\kakal\.vscode\extensions\redhat.java-1.54.0-win32-x64\jre\21.0.10-win32-x86_64\bin\server;C:\Users\kakal\AppData\Roaming\Code\User\globalStorage\redhat.java\1.54.0\config_win\org.eclipse.equinox.launcher\org.eclipse.equinox.launcher.win32.win32.x86_64_1.3.0.v20260203-2149;C:\Users\kakal\AppData\Local\Temp\jna-101812416

VM Arguments:
jvm_args: --add-modules=ALL-SYSTEM --add-opens=java.base/java.util=ALL-UNNAMED --add-opens=java.base/java.lang=ALL-UNNAMED --add-opens=java.base/sun.nio.fs=ALL-UNNAMED -Declipse.application=org.eclipse.jdt.ls.core.id1 -Dosgi.bundles.defaultStartLevel=4 -Declipse.product=org.eclipse.jdt.ls.core.product -Djava.import.generatesMetadataFilesAtProjectRoot=false -DDetectVMInstallationsJob.disabled=true -Dfile.encoding=utf8 -XX:+UseParallelGC -XX:GCTimeRatio=4 -XX:AdaptiveSizePolicyWeight=90 -Dsun.zip.disableMemoryMapping=true -Xmx2G -Xms100m -Xlog:disable -javaagent:c:\Users\kakal\.vscode\extensions\redhat.java-1.54.0-win32-x64\lombok\lombok-1.18.39-4050.jar -XX:+HeapDumpOnOutOfMemoryError -XX:HeapDumpPath=c:\Users\kakal\AppData\Roaming\Code\User\workspaceStorage\7b27965c9b8025f4916b76e823d7fbd5\redhat.java -Daether.dependencyCollector.impl=bf 
java_command: c:\Users\kakal\.vscode\extensions\redhat.java-1.54.0-win32-x64\server\plugins\org.eclipse.equinox.launcher_1.7.100.v20251111-0406.jar -configuration c:\Users\kakal\AppData\Roaming\Code\User\globalStorage\redhat.java\1.54.0\config_win -data c:\Users\kakal\AppData\Roaming\Code\User\workspaceStorage\7b27965c9b8025f4916b76e823d7fbd5\redhat.java\jdt_ws --pipe=\\.\pipe\lsp-3f54656b07be3ad697cb11e3ed777de7-sock
java_class_path (initial): c:\Users\kakal\.vscode\extensions\redhat.java-1.54.0-win32-x64\server\plugins\org.eclipse.equinox.launcher_1.7.100.v20251111-0406.jar
Launcher Type: SUN_STANDARD

[Global flags]
    uintx AdaptiveSizePolicyWeight                 = 90                                        {product} {command line}
     intx CICompilerCount                          = 4                                         {product} {ergonomic}
    uintx GCTimeRatio                              = 4                                         {product} {command line}
     bool HeapDumpOnOutOfMemoryError               = true                                   {manageable} {command line}
    ccstr HeapDumpPath                             = c:\Users\kakal\AppData\Roaming\Code\User\workspaceStorage\7b27965c9b8025f4916b76e823d7fbd5\redhat.java         {manageable} {command line}
   size_t InitialHeapSize                          = 104857600                                 {product} {command line}
   size_t MaxHeapSize                              = 2147483648                                {product} {command line}
   size_t MaxNewSize                               = 715653120                                 {product} {ergonomic}
   size_t MinHeapDeltaBytes                        = 524288                                    {product} {ergonomic}
   size_t MinHeapSize                              = 104857600                                 {product} {command line}
   size_t NewSize                                  = 34603008                                  {product} {ergonomic}
    uintx NonNMethodCodeHeapSize                   = 5839372                                {pd product} {ergonomic}
    uintx NonProfiledCodeHeapSize                  = 122909434                              {pd product} {ergonomic}
   size_t OldSize                                  = 70254592                                  {product} {ergonomic}
    uintx ProfiledCodeHeapSize                     = 122909434                              {pd product} {ergonomic}
    uintx ReservedCodeCacheSize                    = 251658240                              {pd product} {ergonomic}
     bool SegmentedCodeCache                       = true                                      {product} {ergonomic}
   size_t SoftMaxHeapSize                          = 2147483648                             {manageable} {ergonomic}
     bool UseCompressedOops                        = true                           {product lp64_product} {ergonomic}
     bool UseLargePagesIndividualAllocation        = false                                  {pd product} {ergonomic}
     bool UseParallelGC                            = true                                      {product} {command line}

Logging:
Log output configuration:
 #0: stdout all=off uptime,level,tags foldmultilines=false
 #1: stderr all=off uptime,level,tags foldmultilines=false

Release file:
JAVA_VERSION="21.0.10" 
MODULES="java.base java.compiler java.datatransfer java.xml java.prefs java.desktop java.instrument java.logging java.management java.security.sasl java.naming java.rmi java.management.rmi java.net.http java.scripting java.security.jgss java.transaction.xa java.sql java.sql.rowset java.xml.crypto java.se java.smartcardio jdk.accessibility jdk.internal.jvmstat jdk.attach jdk.charsets jdk.internal.opt jdk.zipfs jdk.compiler jdk.crypto.ec jdk.crypto.cryptoki jdk.crypto.mscapi jdk.dynalink jdk.internal.ed jdk.editpad jdk.hotspot.agent jdk.httpserver jdk.internal.le jdk.internal.vm.ci jdk.internal.vm.compiler jdk.internal.vm.compiler.management jdk.jartool jdk.javadoc jdk.jcmd jdk.management jdk.management.agent jdk.jconsole jdk.jdeps jdk.jdwp.agent jdk.jdi jdk.jfr jdk.jshell jdk.jsobject jdk.jstatd jdk.localedata jdk.management.jfr jdk.naming.dns jdk.naming.rmi jdk.net jdk.nio.mapmode jdk.random jdk.sctp jdk.security.auth jdk.security.jgss jdk.unsupported jdk.unsupported.desktop jdk.xml.dom" 

Environment Variables:
PATH=C:\Users\kakal\AppData\Local\Programs\Microsoft VS Code;C:\Program Files\Common Files\Oracle\Java\javapath;C:\Python313\Scripts\;C:\Python313\;C:\WINDOWS\system32;C:\WINDOWS;C:\WINDOWS\System32\Wbem;C:\WINDOWS\System32\WindowsPowerShell\v1.0\;C:\WINDOWS\System32\OpenSSH\;C:\Program Files\Git\cmd;C:\ProgramData\chocolatey\bin;C:\Program Files\nodejs\;C:\Program Files\Docker\Docker\resources\bin;C:\Program Files\MySQL\MySQL Shell 8.0\bin\;C:\Users\kakal\AppData\Local\Microsoft\WindowsApps;C:\Users\kakal\AppData\Local\Programs\Microsoft VS Code\bin;C:\Users\kakal\AppData\Roaming\npm
USERNAME=kakal
OS=Windows_NT
PROCESSOR_IDENTIFIER=AMD64 Family 25 Model 33 Stepping 2, AuthenticAMD
TMP=C:\Users\kakal\AppData\Local\Temp
TEMP=C:\Users\kakal\AppData\Local\Temp




Periodic native trim disabled

---------------  S Y S T E M  ---------------

OS:
 Windows 11 , 64 bit Build 26100 (10.0.26100.8328)
OS uptime: 0 days 9:08 hours
Hyper-V role detected

CPU: total 12 (initial active 12) (12 cores per cpu, 2 threads per core) family 25 model 33 stepping 2 microcode 0xa20120a, cx8, cmov, fxsr, ht, mmx, 3dnowpref, sse, sse2, sse3, ssse3, sse4a, sse4.1, sse4.2, popcnt, lzcnt, tsc, tscinvbit, avx, avx2, aes, erms, clmul, bmi1, bmi2, adx, sha, fma, vzeroupper, clflush, clflushopt, hv, rdtscp, rdpid, fsrm, f16c, cet_ss
Processor Information for the first 12 processors :
  Max Mhz: 3701, Current Mhz: 3701, Mhz Limit: 3701

Memory: 4k page, system-wide physical 16272M (2503M free)
TotalPageFile size 22761M (AvailPageFile size 12M)
current process WorkingSet (physical memory assigned to process): 193M, peak: 200M
current process commit charge ("private bytes"): 322M, peak: 327M

vm_info: OpenJDK 64-Bit Server VM (21.0.10+7-LTS) for windows-amd64 JRE (21.0.10+7-LTS), built on 2026-01-20T00:00:00Z by "admin" with MS VC++ 17.12 (VS2022)

END.
